22:37:54 battery=nanV imu_per_s=0 cmd=(+0.00,+0.00,+0.00)
22:37:55 battery=nanV imu_per_s=0 cmd=(+0.00,+0.00,+0.00)
22:37:56 battery=9.548V imu_per_s=75 cmd=(+0.00,+0.00,+0.00)
22:37:57 battery=9.554V imu_per_s=111 cmd=(+0.00,+0.00,+0.00)
22:37:58 battery=9.561V imu_per_s=111 cmd=(+0.00,+0.00,+0.00)
22:37:59 battery=9.553V imu_per_s=111 cmd=(+0.00,+0.00,+0.00)
22:38:00 battery=9.553V imu_per_s=111 cmd=(+0.00,+0.00,+0.00)
22:38:01 battery=9.543V imu_per_s=111 cmd=(+0.00,+0.00,+0.00)
22:38:02 battery=9.548V imu_per_s=111 cmd=(+0.00,+0.00,+0.00)
22:38:03 battery=9.529V imu_per_s=112 cmd=(+0.00,+0.00,+0.00)
22:38:04 battery=9.543V imu_per_s=111 cmd=(+0.00,+0.00,+0.00)
22:38:05 battery=9.539V imu_per_s=111 cmd=(+0.00,+0.00,+0.00)
22:38:06 battery=9.544V imu_per_s=111 cmd=(+0.00,+0.00,+0.00)
22:38:07 battery=9.570V imu_per_s=111 cmd=(+0.00,+0.00,+0.00)
22:38:08 battery=9.580V imu_per_s=111 cmd=(+0.00,+0.00,+0.00)
22:38:09 battery=9.576V imu_per_s=111 cmd=(+0.50,+0.00,+0.00)
22:38:10 battery=9.572V imu_per_s=112 cmd=(+0.00,+0.00,+0.00)
22:38:11 battery=9.573V imu_per_s=111 cmd=(+0.00,+0.00,+0.00)
22:38:12 battery=9.549V imu_per_s=111 cmd=(-0.50,+0.00,+0.00)
22:38:13 battery=9.512V imu_per_s=111 cmd=(-0.50,+0.00,+0.00)
22:38:14 battery=9.518V imu_per_s=111 cmd=(-0.50,+0.00,+0.00)
22:38:15 battery=9.495V imu_per_s=111 cmd=(-0.50,+0.00,+0.00)
22:38:16 battery=9.505V imu_per_s=111 cmd=(+0.00,+0.00,+0.00)
22:38:17 battery=9.554V imu_per_s=111 cmd=(+0.00,+0.00,+0.00)
22:38:18 battery=9.568V imu_per_s=112 cmd=(+0.00,+0.00,+0.00)
22:38:19 battery=9.489V imu_per_s=111 cmd=(+0.50,+0.00,+0.00)
22:38:20 battery=9.461V imu_per_s=111 cmd=(+0.00,+0.00,-1.00)
22:38:21 battery=9.461V imu_per_s=111 cmd=(+0.00,+0.00,+1.00)
22:38:22 battery=9.477V imu_per_s=111 cmd=(+0.50,+0.00,+0.00)
22:38:23 battery=9.436V imu_per_s=111 cmd=(+0.50,+0.00,+0.00)
22:38:24 battery=9.472V imu_per_s=111 cmd=(+0.50,+0.00,+0.00)
22:38:25 battery=9.472V imu_per_s=34 cmd=(+0.50,+0.00,+0.00)
22:38:26 battery=9.472V imu_per_s=0 cmd=(+0.00,+0.00,+1.00)
22:38:26 ALERT: STM32 SILENT for 2.0s (voltage last 9.47 V, min 9.44 V, last cmd (0.0, 0.0, 1.0))
